<!DOCTYPE html>
<html>
	<head>
	<title><%= @rails %></title>
	
	</head>
	<body>
		<h1 style="line-height: 2em;"><<LCG Program\TG LCG Coupon Code Default='246996'>></h1>
		<p style="color: {{protected}}; font-weight: bold;">Woo ha</p>
		<p style="color: #123; font-weight: bold;">Just a paragraph</p>
	</body>
</html>